<?xml version="1.0" encoding="UTF-8"?>
<TestRun id="b25f87a9-266b-4260-a81f-c3361e7b7322" name="Kevin@OFFICE-DESKTOP 2014-11-05 08:29:08" runUser="Office-Desktop\Kevin" xmlns="http://microsoft.com/schemas/VisualStudio/TeamTest/2010">
  <TestSettings name="Local" id="f540f6a2-4815-4dba-91ef-19b03ca7f34c">
    <Description>These are default test settings for a local test run.</Description>
    <Deployment enabled="false" runDeploymentRoot="Kevin_OFFICE-DESKTOP 2014-11-05 08_29_08">
      <DeploymentItem filename="D:\Kevin\GitHub\HiddenMickeyProject\HiddenMickeyProject.Data\bin\Debug\HiddenMickeyProject.Data.dll" />
      <DeploymentItem filename="D:\Kevin\GitHub\HiddenMickeyProject\packages\MySql.Data.6.9.3\lib\net40\MySql.Data.dll" />
    </Deployment>
    <Execution>
      <TestTypeSpecific />
      <AgentRule name="Execution Agents">
      </AgentRule>
    </Execution>
  </TestSettings>
  <Times creation="2014-11-05T08:29:08.2744692-05:00" queuing="2014-11-05T08:29:10.3325869-05:00" start="2014-11-05T08:29:10.4895959-05:00" finish="2014-11-05T08:29:21.3122149-05:00" />
  <ResultSummary outcome="Failed">
    <Counters total="8" executed="8" error="0" failed="6" timeout="0" aborted="0" inconclusive="2" passedButRunAborted="0" notRunnable="0" notExecuted="0" disconnected="0" warning="0" passed="0" completed="0" inProgress="0" pending="0" />
  </ResultSummary>
  <TestDefinitions>
    <UnitTest name="GetRegionByIdTest" storage="d:\kevin\github\hiddenmickeyproject\hiddenmickeyproject.tests\bin\debug\hiddenmickeyproject.tests.dll" id="b017d611-ba81-c6fa-20f0-de0bf62fc559">
      <Execution id="3f5bb122-4178-4382-b1a3-36a52e030744" />
      <TestMethod codeBase="D:/Kevin/GitHub/HiddenMickeyProject/HiddenMickeyProject.Tests/bin/Debug/HiddenMickeyProject.Tests.DLL" adapterTypeName="Microsoft.VisualStudio.TestTools.TestTypes.Unit.UnitTestAdapter, Microsoft.VisualStudio.QualityTools.Tips.UnitTest.Adapter, Version=10.0.0.0, Culture=neutral, PublicKeyToken=b03f5f7f11d50a3a" className="HiddenMickeyProject.Tests.MysqlSourceTest, HiddenMickeyProject.Tests, Version=1.0.0.0, Culture=neutral, PublicKeyToken=null" name="GetRegionByIdTest" />
    </UnitTest>
    <UnitTest name="RegionsTest" storage="d:\kevin\github\hiddenmickeyproject\hiddenmickeyproject.tests\bin\debug\hiddenmickeyproject.tests.dll" id="3a921523-e237-e44f-0fb7-1eba18fb4d2c">
      <Execution id="49a2a128-7dfd-46fa-ac81-ab6261f64c52" />
      <TestMethod codeBase="D:/Kevin/GitHub/HiddenMickeyProject/HiddenMickeyProject.Tests/bin/Debug/HiddenMickeyProject.Tests.DLL" adapterTypeName="Microsoft.VisualStudio.TestTools.TestTypes.Unit.UnitTestAdapter, Microsoft.VisualStudio.QualityTools.Tips.UnitTest.Adapter, Version=10.0.0.0, Culture=neutral, PublicKeyToken=b03f5f7f11d50a3a" className="HiddenMickeyProject.Tests.MysqlSourceTest, HiddenMickeyProject.Tests, Version=1.0.0.0, Culture=neutral, PublicKeyToken=null" name="RegionsTest" />
    </UnitTest>
    <UnitTest name="GetEntriesByLocationIdTest" storage="d:\kevin\github\hiddenmickeyproject\hiddenmickeyproject.tests\bin\debug\hiddenmickeyproject.tests.dll" id="1b2b2782-da3b-8fe0-5da6-022c49e07f31">
      <Execution id="9ff0a9c3-c3f5-44bd-ad82-48ab18f27ef7" />
      <TestMethod codeBase="D:/Kevin/GitHub/HiddenMickeyProject/HiddenMickeyProject.Tests/bin/Debug/HiddenMickeyProject.Tests.DLL" adapterTypeName="Microsoft.VisualStudio.TestTools.TestTypes.Unit.UnitTestAdapter, Microsoft.VisualStudio.QualityTools.Tips.UnitTest.Adapter, Version=10.0.0.0, Culture=neutral, PublicKeyToken=b03f5f7f11d50a3a" className="HiddenMickeyProject.Tests.MysqlSourceTest, HiddenMickeyProject.Tests, Version=1.0.0.0, Culture=neutral, PublicKeyToken=null" name="GetEntriesByLocationIdTest" />
    </UnitTest>
    <UnitTest name="GetLocationsByAreaIdTest" storage="d:\kevin\github\hiddenmickeyproject\hiddenmickeyproject.tests\bin\debug\hiddenmickeyproject.tests.dll" id="0367fe5a-c6e0-4bea-ea42-4c910681d272">
      <Execution id="bd79d265-4ccf-4de9-a1f9-b0ba542d8f7c" />
      <TestMethod codeBase="D:/Kevin/GitHub/HiddenMickeyProject/HiddenMickeyProject.Tests/bin/Debug/HiddenMickeyProject.Tests.DLL" adapterTypeName="Microsoft.VisualStudio.TestTools.TestTypes.Unit.UnitTestAdapter, Microsoft.VisualStudio.QualityTools.Tips.UnitTest.Adapter, Version=10.0.0.0, Culture=neutral, PublicKeyToken=b03f5f7f11d50a3a" className="HiddenMickeyProject.Tests.MysqlSourceTest, HiddenMickeyProject.Tests, Version=1.0.0.0, Culture=neutral, PublicKeyToken=null" name="GetLocationsByAreaIdTest" />
    </UnitTest>
    <UnitTest name="GetLocationByIdTest" storage="d:\kevin\github\hiddenmickeyproject\hiddenmickeyproject.tests\bin\debug\hiddenmickeyproject.tests.dll" id="415b8d9f-86d9-25ec-c8ec-0816994883ed">
      <Execution id="e27b1287-63f4-4283-9114-839211045492" />
      <TestMethod codeBase="D:/Kevin/GitHub/HiddenMickeyProject/HiddenMickeyProject.Tests/bin/Debug/HiddenMickeyProject.Tests.DLL" adapterTypeName="Microsoft.VisualStudio.TestTools.TestTypes.Unit.UnitTestAdapter, Microsoft.VisualStudio.QualityTools.Tips.UnitTest.Adapter, Version=10.0.0.0, Culture=neutral, PublicKeyToken=b03f5f7f11d50a3a" className="HiddenMickeyProject.Tests.MysqlSourceTest, HiddenMickeyProject.Tests, Version=1.0.0.0, Culture=neutral, PublicKeyToken=null" name="GetLocationByIdTest" />
    </UnitTest>
    <UnitTest name="GetEntryByIdTest" storage="d:\kevin\github\hiddenmickeyproject\hiddenmickeyproject.tests\bin\debug\hiddenmickeyproject.tests.dll" id="95a5cb75-edc3-cf2d-ba16-596d68611e5c">
      <Execution id="5aeb2ecb-2b46-4dab-8bc6-60c36e90de7d" />
      <TestMethod codeBase="D:/Kevin/GitHub/HiddenMickeyProject/HiddenMickeyProject.Tests/bin/Debug/HiddenMickeyProject.Tests.DLL" adapterTypeName="Microsoft.VisualStudio.TestTools.TestTypes.Unit.UnitTestAdapter, Microsoft.VisualStudio.QualityTools.Tips.UnitTest.Adapter, Version=10.0.0.0, Culture=neutral, PublicKeyToken=b03f5f7f11d50a3a" className="HiddenMickeyProject.Tests.MysqlSourceTest, HiddenMickeyProject.Tests, Version=1.0.0.0, Culture=neutral, PublicKeyToken=null" name="GetEntryByIdTest" />
    </UnitTest>
    <UnitTest name="GetAreasByRegionIdTest" storage="d:\kevin\github\hiddenmickeyproject\hiddenmickeyproject.tests\bin\debug\hiddenmickeyproject.tests.dll" id="a2ba2b3f-18b4-ff04-40cc-af30f1c0d65b">
      <Execution id="9b55d8eb-b466-4c51-84f4-6ff45cdbaa15" />
      <TestMethod codeBase="D:/Kevin/GitHub/HiddenMickeyProject/HiddenMickeyProject.Tests/bin/Debug/HiddenMickeyProject.Tests.DLL" adapterTypeName="Microsoft.VisualStudio.TestTools.TestTypes.Unit.UnitTestAdapter, Microsoft.VisualStudio.QualityTools.Tips.UnitTest.Adapter, Version=10.0.0.0, Culture=neutral, PublicKeyToken=b03f5f7f11d50a3a" className="HiddenMickeyProject.Tests.MysqlSourceTest, HiddenMickeyProject.Tests, Version=1.0.0.0, Culture=neutral, PublicKeyToken=null" name="GetAreasByRegionIdTest" />
    </UnitTest>
    <UnitTest name="GetAreaByIdTest" storage="d:\kevin\github\hiddenmickeyproject\hiddenmickeyproject.tests\bin\debug\hiddenmickeyproject.tests.dll" id="4bc76dca-af83-9ff5-5773-130114c7d74c">
      <Execution id="695bb681-6733-459a-840e-e202fa87b99b" />
      <TestMethod codeBase="D:/Kevin/GitHub/HiddenMickeyProject/HiddenMickeyProject.Tests/bin/Debug/HiddenMickeyProject.Tests.DLL" adapterTypeName="Microsoft.VisualStudio.TestTools.TestTypes.Unit.UnitTestAdapter, Microsoft.VisualStudio.QualityTools.Tips.UnitTest.Adapter, Version=10.0.0.0, Culture=neutral, PublicKeyToken=b03f5f7f11d50a3a" className="HiddenMickeyProject.Tests.MysqlSourceTest, HiddenMickeyProject.Tests, Version=1.0.0.0, Culture=neutral, PublicKeyToken=null" name="GetAreaByIdTest" />
    </UnitTest>
  </TestDefinitions>
  <TestLists>
    <TestList name="Results Not in a List" id="8c84fa94-04c1-424b-9868-57a2d4851a1d" />
    <TestList name="All Loaded Results" id="19431567-8539-422a-85d7-44ee4e166bda" />
  </TestLists>
  <TestEntries>
    <TestEntry testId="0367fe5a-c6e0-4bea-ea42-4c910681d272" executionId="bd79d265-4ccf-4de9-a1f9-b0ba542d8f7c" testListId="8c84fa94-04c1-424b-9868-57a2d4851a1d" />
    <TestEntry testId="1b2b2782-da3b-8fe0-5da6-022c49e07f31" executionId="9ff0a9c3-c3f5-44bd-ad82-48ab18f27ef7" testListId="8c84fa94-04c1-424b-9868-57a2d4851a1d" />
    <TestEntry testId="3a921523-e237-e44f-0fb7-1eba18fb4d2c" executionId="49a2a128-7dfd-46fa-ac81-ab6261f64c52" testListId="8c84fa94-04c1-424b-9868-57a2d4851a1d" />
    <TestEntry testId="415b8d9f-86d9-25ec-c8ec-0816994883ed" executionId="e27b1287-63f4-4283-9114-839211045492" testListId="8c84fa94-04c1-424b-9868-57a2d4851a1d" />
    <TestEntry testId="4bc76dca-af83-9ff5-5773-130114c7d74c" executionId="695bb681-6733-459a-840e-e202fa87b99b" testListId="8c84fa94-04c1-424b-9868-57a2d4851a1d" />
    <TestEntry testId="95a5cb75-edc3-cf2d-ba16-596d68611e5c" executionId="5aeb2ecb-2b46-4dab-8bc6-60c36e90de7d" testListId="8c84fa94-04c1-424b-9868-57a2d4851a1d" />
    <TestEntry testId="a2ba2b3f-18b4-ff04-40cc-af30f1c0d65b" executionId="9b55d8eb-b466-4c51-84f4-6ff45cdbaa15" testListId="8c84fa94-04c1-424b-9868-57a2d4851a1d" />
    <TestEntry testId="b017d611-ba81-c6fa-20f0-de0bf62fc559" executionId="3f5bb122-4178-4382-b1a3-36a52e030744" testListId="8c84fa94-04c1-424b-9868-57a2d4851a1d" />
  </TestEntries>
  <Results>
    <UnitTestResult executionId="bd79d265-4ccf-4de9-a1f9-b0ba542d8f7c" testId="0367fe5a-c6e0-4bea-ea42-4c910681d272" testName="GetLocationsByAreaIdTest" computerName="OFFICE-DESKTOP" duration="00:00:03.2263774" startTime="2014-11-05T08:29:10.5455991-05:00" endTime="2014-11-05T08:29:14.4888246-05:00" testType="13cdc9d9-ddb5-4fa4-a97d-d965ccfc6d4b" outcome="Failed" testListId="8c84fa94-04c1-424b-9868-57a2d4851a1d" relativeResultsDirectory="bd79d265-4ccf-4de9-a1f9-b0ba542d8f7c">
      <Output>
        <ErrorInfo>
          <Message>Assert.AreEqual failed. Expected:&lt;(null)&gt;. Actual:&lt;System.Collections.Generic.List`1[HiddenMickeyProject.Data.Location]&gt;. </Message>
          <StackTrace>   at HiddenMickeyProject.Tests.MysqlSourceTest.GetLocationsByAreaIdTest() in D:\Kevin\GitHub\HiddenMickeyProject\HiddenMickeyProject.Tests\MysqlSourceTest.cs:line 155
</StackTrace>
        </ErrorInfo>
      </Output>
    </UnitTestResult>
    <UnitTestResult executionId="9ff0a9c3-c3f5-44bd-ad82-48ab18f27ef7" testId="1b2b2782-da3b-8fe0-5da6-022c49e07f31" testName="GetEntriesByLocationIdTest" computerName="OFFICE-DESKTOP" duration="00:00:00.1744570" startTime="2014-11-05T08:29:14.4918248-05:00" endTime="2014-11-05T08:29:14.6788355-05:00" testType="13cdc9d9-ddb5-4fa4-a97d-d965ccfc6d4b" outcome="Failed" testListId="8c84fa94-04c1-424b-9868-57a2d4851a1d" relativeResultsDirectory="9ff0a9c3-c3f5-44bd-ad82-48ab18f27ef7">
      <Output>
        <ErrorInfo>
          <Message>Test method HiddenMickeyProject.Tests.MysqlSourceTest.GetEntriesByLocationIdTest threw exception: 
System.ArgumentException: Parameter 'Area_Id' not found in the collection.</Message>
          <StackTrace>    at MySql.Data.MySqlClient.MySqlParameterCollection.GetParameterFlexible(String parameterName, Boolean throwOnNotFound)
   at MySql.Data.MySqlClient.StoredProcedure.GetAndFixParameter(String spName, MySqlSchemaRow param, Boolean realAsFloat, MySqlParameter returnParameter)
   at MySql.Data.MySqlClient.StoredProcedure.CheckParameters(String spName)
   at MySql.Data.MySqlClient.StoredProcedure.Resolve(Boolean preparing)
   at MySql.Data.MySqlClient.MySqlCommand.ExecuteReader(CommandBehavior behavior)
   at HiddenMickeyProject.Data.MysqlSource.GetEntriesByLocationId(Int32 locationId) in D:\Kevin\GitHub\HiddenMickeyProject\HiddenMickeyProject.Data\MysqlSource.cs:line 135
   at HiddenMickeyProject.Tests.MysqlSourceTest.GetEntriesByLocationIdTest() in D:\Kevin\GitHub\HiddenMickeyProject\HiddenMickeyProject.Tests\MysqlSourceTest.cs:line 108
</StackTrace>
        </ErrorInfo>
      </Output>
    </UnitTestResult>
    <UnitTestResult executionId="49a2a128-7dfd-46fa-ac81-ab6261f64c52" testId="3a921523-e237-e44f-0fb7-1eba18fb4d2c" testName="RegionsTest" computerName="OFFICE-DESKTOP" duration="00:00:00.5057674" startTime="2014-11-05T08:29:14.6858359-05:00" endTime="2014-11-05T08:29:15.2038655-05:00" testType="13cdc9d9-ddb5-4fa4-a97d-d965ccfc6d4b" outcome="Failed" testListId="8c84fa94-04c1-424b-9868-57a2d4851a1d" relativeResultsDirectory="49a2a128-7dfd-46fa-ac81-ab6261f64c52">
      <Output>
        <ErrorInfo>
          <Message>Assert.AreEqual failed. Expected:&lt;(null)&gt;. Actual:&lt;System.Collections.Generic.List`1[HiddenMickeyProject.Data.Region]&gt;. </Message>
          <StackTrace>   at HiddenMickeyProject.Tests.MysqlSourceTest.RegionsTest() in D:\Kevin\GitHub\HiddenMickeyProject\HiddenMickeyProject.Tests\MysqlSourceTest.cs:line 184
</StackTrace>
        </ErrorInfo>
      </Output>
    </UnitTestResult>
    <UnitTestResult executionId="e27b1287-63f4-4283-9114-839211045492" testId="415b8d9f-86d9-25ec-c8ec-0816994883ed" testName="GetLocationByIdTest" computerName="OFFICE-DESKTOP" duration="00:00:00.4974395" startTime="2014-11-05T08:29:15.2058656-05:00" endTime="2014-11-05T08:29:15.7078944-05:00" testType="13cdc9d9-ddb5-4fa4-a97d-d965ccfc6d4b" outcome="Inconclusive" testListId="8c84fa94-04c1-424b-9868-57a2d4851a1d" relativeResultsDirectory="e27b1287-63f4-4283-9114-839211045492">
      <Output>
        <ErrorInfo>
          <Message>Assert.Inconclusive failed. Verify the correctness of this test method.</Message>
          <StackTrace>   at HiddenMickeyProject.Tests.MysqlSourceTest.GetLocationByIdTest() in D:\Kevin\GitHub\HiddenMickeyProject\HiddenMickeyProject.Tests\MysqlSourceTest.cs:line 141
</StackTrace>
        </ErrorInfo>
      </Output>
    </UnitTestResult>
    <UnitTestResult executionId="695bb681-6733-459a-840e-e202fa87b99b" testId="4bc76dca-af83-9ff5-5773-130114c7d74c" testName="GetAreaByIdTest" computerName="OFFICE-DESKTOP" duration="00:00:00.4175101" startTime="2014-11-05T08:29:15.7108945-05:00" endTime="2014-11-05T08:29:16.1369189-05:00" testType="13cdc9d9-ddb5-4fa4-a97d-d965ccfc6d4b" outcome="Failed" testListId="8c84fa94-04c1-424b-9868-57a2d4851a1d" relativeResultsDirectory="695bb681-6733-459a-840e-e202fa87b99b">
      <Output>
        <ErrorInfo>
          <Message>Test method HiddenMickeyProject.Tests.MysqlSourceTest.GetAreaByIdTest threw exception: 
System.ArgumentException: Parameter 'Area_Id' not found in the collection.</Message>
          <StackTrace>    at MySql.Data.MySqlClient.MySqlParameterCollection.GetParameterFlexible(String parameterName, Boolean throwOnNotFound)
   at MySql.Data.MySqlClient.StoredProcedure.GetAndFixParameter(String spName, MySqlSchemaRow param, Boolean realAsFloat, MySqlParameter returnParameter)
   at MySql.Data.MySqlClient.StoredProcedure.CheckParameters(String spName)
   at MySql.Data.MySqlClient.StoredProcedure.Resolve(Boolean preparing)
   at MySql.Data.MySqlClient.MySqlCommand.ExecuteReader(CommandBehavior behavior)
   at HiddenMickeyProject.Data.MysqlSource.GetAreaById(Int32 areaId) in D:\Kevin\GitHub\HiddenMickeyProject\HiddenMickeyProject.Data\MysqlSource.cs:line 95
   at HiddenMickeyProject.Tests.MysqlSourceTest.GetAreaByIdTest() in D:\Kevin\GitHub\HiddenMickeyProject\HiddenMickeyProject.Tests\MysqlSourceTest.cs:line 78
</StackTrace>
        </ErrorInfo>
      </Output>
    </UnitTestResult>
    <UnitTestResult executionId="5aeb2ecb-2b46-4dab-8bc6-60c36e90de7d" testId="95a5cb75-edc3-cf2d-ba16-596d68611e5c" testName="GetEntryByIdTest" computerName="OFFICE-DESKTOP" duration="00:00:04.0425993" startTime="2014-11-05T08:29:16.1499196-05:00" endTime="2014-11-05T08:29:20.2031515-05:00" testType="13cdc9d9-ddb5-4fa4-a97d-d965ccfc6d4b" outcome="Failed" testListId="8c84fa94-04c1-424b-9868-57a2d4851a1d" relativeResultsDirectory="5aeb2ecb-2b46-4dab-8bc6-60c36e90de7d">
      <Output>
        <DebugTrace>QTAgent32.exe Error: 0 : Host 'Office-Desktop' is not allowed to connect to this MySQL server
</DebugTrace>
        <ErrorInfo>
          <Message>Test method HiddenMickeyProject.Tests.MysqlSourceTest.GetEntryByIdTest threw exception: 
MySql.Data.MySqlClient.MySqlException: Host 'Office-Desktop' is not allowed to connect to this MySQL server</Message>
          <StackTrace>    at MySql.Data.MySqlClient.MySqlStream.ReadPacket()
   at MySql.Data.MySqlClient.NativeDriver.Open()
   at MySql.Data.MySqlClient.Driver.Open()
   at MySql.Data.MySqlClient.Driver.Create(MySqlConnectionStringBuilder settings)
   at MySql.Data.MySqlClient.MySqlPool.GetPooledConnection()
   at MySql.Data.MySqlClient.MySqlPool.TryToGetDriver()
   at MySql.Data.MySqlClient.MySqlPool.GetConnection()
   at MySql.Data.MySqlClient.MySqlConnection.Open()
   at HiddenMickeyProject.Data.MysqlSource.GetEntryById(Int32 entryId) in D:\Kevin\GitHub\HiddenMickeyProject\HiddenMickeyProject.Data\MysqlSource.cs:line 154
   at HiddenMickeyProject.Tests.MysqlSourceTest.GetEntryByIdTest() in D:\Kevin\GitHub\HiddenMickeyProject\HiddenMickeyProject.Tests\MysqlSourceTest.cs:line 124
</StackTrace>
        </ErrorInfo>
      </Output>
    </UnitTestResult>
    <UnitTestResult executionId="9b55d8eb-b466-4c51-84f4-6ff45cdbaa15" testId="a2ba2b3f-18b4-ff04-40cc-af30f1c0d65b" testName="GetAreasByRegionIdTest" computerName="OFFICE-DESKTOP" duration="00:00:00.5114800" startTime="2014-11-05T08:29:20.2131520-05:00" endTime="2014-11-05T08:29:20.7301816-05:00" testType="13cdc9d9-ddb5-4fa4-a97d-d965ccfc6d4b" outcome="Failed" testListId="8c84fa94-04c1-424b-9868-57a2d4851a1d" relativeResultsDirectory="9b55d8eb-b466-4c51-84f4-6ff45cdbaa15">
      <Output>
        <ErrorInfo>
          <Message>Assert.AreEqual failed. Expected:&lt;(null)&gt;. Actual:&lt;System.Collections.Generic.List`1[HiddenMickeyProject.Data.Area]&gt;. </Message>
          <StackTrace>   at HiddenMickeyProject.Tests.MysqlSourceTest.GetAreasByRegionIdTest() in D:\Kevin\GitHub\HiddenMickeyProject\HiddenMickeyProject.Tests\MysqlSourceTest.cs:line 94
</StackTrace>
        </ErrorInfo>
      </Output>
    </UnitTestResult>
    <UnitTestResult executionId="3f5bb122-4178-4382-b1a3-36a52e030744" testId="b017d611-ba81-c6fa-20f0-de0bf62fc559" testName="GetRegionByIdTest" computerName="OFFICE-DESKTOP" duration="00:00:00.5174198" startTime="2014-11-05T08:29:20.7451825-05:00" endTime="2014-11-05T08:29:21.2692125-05:00" testType="13cdc9d9-ddb5-4fa4-a97d-d965ccfc6d4b" outcome="Inconclusive" testListId="8c84fa94-04c1-424b-9868-57a2d4851a1d" relativeResultsDirectory="3f5bb122-4178-4382-b1a3-36a52e030744">
      <Output>
        <ErrorInfo>
          <Message>Assert.Inconclusive failed. Verify the correctness of this test method.</Message>
          <StackTrace>   at HiddenMickeyProject.Tests.MysqlSourceTest.GetRegionByIdTest() in D:\Kevin\GitHub\HiddenMickeyProject\HiddenMickeyProject.Tests\MysqlSourceTest.cs:line 171
</StackTrace>
        </ErrorInfo>
      </Output>
    </UnitTestResult>
  </Results>
</TestRun>